2024-09-13 12:38:55:525	Init	#########################################	frmMain.frmMain_Load
2024-09-13 12:38:56:947	Init	เริ่มต้นการทำงานของโปรแกรม . . .	frmMain.frmMain_Load
2024-09-13 12:38:58:789	Init	Auto connection . 	frmMain.frmMain_Load
2024-09-13 12:39:00:671	Init	เริ่มต้นการเชื่อมต่อกับ Server . . . 	frmMain.frmMain_Load
2024-09-13 12:39:01:747	ERROR	Login failed for user 'sa'.	md.Fill()
2024-09-13 12:39:02:550	Status	เริ่มต้นการทำงานดึงข้อมูล . . .	frmMain.BgwGetMiddle_DoWork
2024-09-13 12:39:04:431	Status	เชื่อมต่อ Middle สำเร็จ	frmMain.CheckConnectMiddleAndSecuill
2024-09-13 12:39:06:344	Status	เชื่อมต่อ Secuill สำเร็จ	frmMain.CheckConnectMiddleAndSecuill
2024-09-13 12:39:09:283	ERROR	A network-related or instance-specific error occurred while establishing a connection to SQL Server. The server was not found or was not accessible. Verify that the instance name is correct and that SQL Server is configured to allow remote connections. (provider: SQL Network Interfaces, error: 26 - Error Locating Server/Instance Specified)	 (cls_condbserver.ExecuteNonQuery())
2024-09-13 12:39:09:303	ERROR	A network-related or instance-specific error occurred while establishing a connection to SQL Server. The server was not found or was not accessible. Verify that the instance name is correct and that SQL Server is configured to allow remote connections. (provider: SQL Network Interfaces, error: 26 - Error Locating Server/Instance Specified)	 (cls_condbserver.ExecuteNonQuery())
2024-09-13 12:39:11:761	ERROR	A network-related or instance-specific error occurred while establishing a connection to SQL Server. The server was not found or was not accessible. Verify that the instance name is correct and that SQL Server is configured to allow remote connections. (provider: SQL Network Interfaces, error: 26 - Error Locating Server/Instance Specified)	 (cls_condbserver.ExecuteNonQuery())
2024-09-13 12:39:32:323	EVENT	Count prescription: 7	cls_getmiddletosecuill.GetDataMidle()
2024-09-13 12:39:32:586	Elergy	 65009365, 
2024-09-13 12:39:33:005	Elergy	 65009365, 
2024-09-13 12:39:33:376	Elergy	 67006251, 
2024-09-13 12:39:33:383	Process	ข้อมูล Middle 7 Rows	frmMain.BgwGetMiddle_DoWork
2024-09-13 12:39:33:768	Elergy	 65002432, 
2024-09-13 12:39:34:145	Elergy	 67005336, 
2024-09-13 12:39:34:558	Elergy	 67006648, 
2024-09-13 12:39:34:701	_Error	Cannot insert the value NULL into column 'drugallergy_id', table 'SECUILL_V5_TU.dbo.M_PatientDrugAllergy'; column does not allow nulls. INSERT fails.
The statement has been terminated.	cls_condbsecuill.ExecuteNonQuery
2024-09-13 12:39:34:964	Elergy	 67002591, 
2024-09-13 12:39:35:793	_Error	Cannot insert the value NULL into column 'drugallergy_id', table 'SECUILL_V5_TU.dbo.M_PatientDrugAllergy'; column does not allow nulls. INSERT fails.
The statement has been terminated.	cls_condbsecuill.ExecuteNonQuery
2024-09-13 12:39:37:705	_Error	Cannot insert the value NULL into column 'drugallergy_id', table 'SECUILL_V5_TU.dbo.M_PatientDrugAllergy'; column does not allow nulls. INSERT fails.
The statement has been terminated.	cls_condbsecuill.ExecuteNonQuery
2024-09-13 12:39:39:986	_Error	Cannot insert the value NULL into column 'drugallergy_id', table 'SECUILL_V5_TU.dbo.M_PatientDrugAllergy'; column does not allow nulls. INSERT fails.
The statement has been terminated.	cls_condbsecuill.ExecuteNonQuery
2024-09-13 12:39:43:213	_Error	Cannot insert the value NULL into column 'drugallergy_id', table 'SECUILL_V5_TU.dbo.M_PatientDrugAllergy'; column does not allow nulls. INSERT fails.
The statement has been terminated.	cls_condbsecuill.ExecuteNonQuery
2024-09-13 12:39:46:458	_Error	Cannot insert the value NULL into column 'drugallergy_id', table 'SECUILL_V5_TU.dbo.M_PatientDrugAllergy'; column does not allow nulls. INSERT fails.
The statement has been terminated.	cls_condbsecuill.ExecuteNonQuery
2024-09-13 12:39:49:734	_Error	Cannot insert the value NULL into column 'drugallergy_id', table 'SECUILL_V5_TU.dbo.M_PatientDrugAllergy'; column does not allow nulls. INSERT fails.
The statement has been terminated.	cls_condbsecuill.ExecuteNonQuery
2024-09-13 12:40:30:039	ERROR	A network-related or instance-specific error occurred while establishing a connection to SQL Server. The server was not found or was not accessible. Verify that the instance name is correct and that SQL Server is configured to allow remote connections. (provider: SQL Network Interfaces, error: 26 - Error Locating Server/Instance Specified)	 (cls_condbserver.ExecuteNonQuery())
2024-09-13 12:41:30:223	ERROR	A network-related or instance-specific error occurred while establishing a connection to SQL Server. The server was not found or was not accessible. Verify that the instance name is correct and that SQL Server is configured to allow remote connections. (provider: SQL Network Interfaces, error: 26 - Error Locating Server/Instance Specified)	 (cls_condbserver.ExecuteNonQuery())
2024-09-13 12:42:30:359	ERROR	A network-related or instance-specific error occurred while establishing a connection to SQL Server. The server was not found or was not accessible. Verify that the instance name is correct and that SQL Server is configured to allow remote connections. (provider: SQL Network Interfaces, error: 26 - Error Locating Server/Instance Specified)	 (cls_condbserver.ExecuteNonQuery())
2024-09-13 12:43:30:591	ERROR	A network-related or instance-specific error occurred while establishing a connection to SQL Server. The server was not found or was not accessible. Verify that the instance name is correct and that SQL Server is configured to allow remote connections. (provider: SQL Network Interfaces, error: 26 - Error Locating Server/Instance Specified)	 (cls_condbserver.ExecuteNonQuery())
2024-09-13 12:44:30:813	ERROR	A network-related or instance-specific error occurred while establishing a connection to SQL Server. The server was not found or was not accessible. Verify that the instance name is correct and that SQL Server is configured to allow remote connections. (provider: SQL Network Interfaces, error: 26 - Error Locating Server/Instance Specified)	 (cls_condbserver.ExecuteNonQuery())
